/Users/javi/Library/Python/3.9/lib/python/site-packages/urllib3/__init__.py:35: NotOpenSSLWarning: urllib3 v2 only supports OpenSSL 1.1.1+, currently the 'ssl' module is compiled with 'LibreSSL 2.8.3'. See: https://github.com/urllib3/urllib3/issues/3020
  warnings.warn(
Tercera FEB: 10 regular-season subgroup(s) (of 16 total)
-- subgroup Liga Regular "C-B" (88887): 14 teams --
  Cb Andratx [Liga Regular "C-B"]: 11 players
  Sandá Electroclima - Bc Tecla Sala  A [Liga Regular "C-B"]: 12 players
  Sa Tintina Cb Es Castell Menorca [Liga Regular "C-B"]: 10 players
  C.B. Granollers Contigoahorro [Liga Regular "C-B"]: 12 players
  C.B. Vic - Universitat De Vic [Liga Regular "C-B"]: 11 players
  Tq-Cb Prat [Liga Regular "C-B"]: 12 players
  Sese A [Liga Regular "C-B"]: 11 players
  Frivalca La Muela [Liga Regular "C-B"]: 12 players
  C.B. Cuarte De Huerva [Liga Regular "C-B"]: 9 players
  Tenea-C.B. Esparreguera [Liga Regular "C-B"]: 10 players
  Dm Group Mollet [Liga Regular "C-B"]: 10 players
  Cb. Cornellà [Liga Regular "C-B"]: 12 players
  Cb Quart Grues Cruz [Liga Regular "C-B"]: 8 players
  Cb Navàs Viscola [Liga Regular "C-B"]: 12 players
-- subgroup Liga Regular "A-A" (88882): 14 teams --
  Iruki Take [Liga Regular "A-A"]: 11 players
  Hotel 4Postes - Ávila Auténtica - El Bulevar [Liga Regular "A-A"]: 11 players
  Caja Rural De Zamora Cbcv Boecillo [Liga Regular "A-A"]: 11 players
  Megacalzado Ardoi [Liga Regular "A-A"]: 11 players
  Construcciones Gonzalo Crespo Pas Piélagos [Liga Regular "A-A"]: 11 players
  Universidad Deusto Loiola Indautxu [Liga Regular "A-A"]: 11 players
  Ulacia Zke [Liga Regular "A-A"]: 10 players
  Grupo Inmapa Filipenses [Liga Regular "A-A"]: 12 players
  Baskonia [Liga Regular "A-A"]: 8 players
  Recoletas Salud Carbajosa [Liga Regular "A-A"]: 12 players
  Teknei Bizkaia Zornotza [Liga Regular "A-A"]: 12 players
  Restaurante Los Arcos Cb Solares [Liga Regular "A-A"]: 9 players
  Blendio [Liga Regular "A-A"]: 12 players
  De Morro Fino Cantbasket04 [Liga Regular "A-A"]: 10 players
-- subgroup Liga Regular "A-B" (88883): 14 teams --
  C.B. Navia La Magaya [Liga Regular "A-B"]: 12 players
  Caja Rural Rdl [Liga Regular "A-B"]: 9 players
  Obradoiro Ames [Liga Regular "A-B"]: 11 players
  Calvo Basket Xiria [Liga Regular "A-B"]: 12 players
  Solgaleo Bosco Salesianos [Liga Regular "A-B"]: 12 players
  Ineltron Santo Domingo Betanzos [Liga Regular "A-B"]: 12 players
  Ulla Oil Rosalia [Liga Regular "A-B"]: 11 players
  Estudiantes Lugo Rio De Galicia [Liga Regular "A-B"]: 10 players
  Perfumerias Avenida Xoborg [Liga Regular "A-B"]: 10 players
  Sigaltec [Liga Regular "A-B"]: 9 players
  Ucoga Seguros C.B. Chantada [Liga Regular "A-B"]: 10 players
  Traumacor Culleredo [Liga Regular "A-B"]: 10 players
  Universidad De Oviedo [Liga Regular "A-B"]: 12 players
  Oposita Marín Ence Peixegalego [Liga Regular "A-B"]: 12 players
-- subgroup Liga Regular "B-A" (88884): 14 teams --
  Fundacion Globalcaja La Roda [Liga Regular "B-A"]: 11 players
  Sumialki Cb Ciudad De Mostoles [Liga Regular "B-A"]: 12 players
  Toscones Corralejo [Liga Regular "B-A"]: 12 players
  Cb La Matanza [Liga Regular "B-A"]: 12 players
  C.D. Basket Globalcaja Quintanar [Liga Regular "B-A"]: 12 players
  Grupo Interbus Alcobendas [Liga Regular "B-A"]: 12 players
  Probasketlab Fuenlabrada [Liga Regular "B-A"]: 9 players
  Inmobiliaria Gálvez Santa Cruz [Liga Regular "B-A"]: 12 players
  Movistar Estudiantes [Liga Regular "B-A"]: 12 players
  El Ventero Cbv [Liga Regular "B-A"]: 10 players
  Tobarra Cb [Liga Regular "B-A"]: 12 players
  Cesur Distrito Olimpico [Liga Regular "B-A"]: 10 players
  Náutico Tenerife [Liga Regular "B-A"]: 9 players
  Baloncesto Alcala [Liga Regular "B-A"]: 9 players
-- subgroup Liga Regular "B-B" (88885): 14 teams --
  Baloncesto Talavera [Liga Regular "B-B"]: 11 players
  Uros De Rivas [Liga Regular "B-B"]: 10 players
  Autocares Rodríguez [Liga Regular "B-B"]: 12 players
  Cb Aridane [Liga Regular "B-B"]: 11 players
  Grupo Egido Pintobasket [Liga Regular "B-B"]: 12 players
  Lujisa Guadalajara Basket [Liga Regular "B-B"]: 12 players
  C. D. Mensajero Isla De La Palma [Liga Regular "B-B"]: 10 players
  Real Canoe N.C. [Liga Regular "B-B"]: 11 players
  C.B. Tres Cantos [Liga Regular "B-B"]: 12 players
  Recucym Bazu [Liga Regular "B-B"]: 12 players
  Baloncesto Telde [Liga Regular "B-B"]: 9 players
  Adc Boadilla [Liga Regular "B-B"]: 9 players
  Eb Felipe Antón [Liga Regular "B-B"]: 12 players
  Zentro Basket Madrid [Liga Regular "B-B"]: 12 players
-- subgroup Liga Regular "C-A" (88886): 14 teams --
  Cb Boet Mataró [Liga Regular "C-A"]: 12 players
  Flanigan Calvià [Liga Regular "C-A"]: 9 players
  Pujol Mollerussa [Liga Regular "C-A"]: 14 players
  Immo Sa Marina Ciutat D’Inca Basquet [Liga Regular "C-A"]: 12 players
  Cb Valls Tallers Pablo Martínez [Liga Regular "C-A"]: 11 players
  Ue Sant Cugat - Occident [Liga Regular "C-A"]: 11 players
  Monbus - Cb Igualada [Liga Regular "C-A"]: 10 players
  Alfindén Cb [Liga Regular "C-A"]: 11 players
  Letra Corporea Barbastro [Liga Regular "C-A"]: 12 players
  C.B.Roser [Liga Regular "C-A"]: 12 players
  Tibu-Ron Castelldefels [Liga Regular "C-A"]: 12 players
  Ibersol Cb Tarragona [Liga Regular "C-A"]: 11 players
  Sandá C.B. L´Hospitalet [Liga Regular "C-A"]: 12 players
  Sa Real Instalaciones Arevalo Ibiza [Liga Regular "C-A"]: 12 players
-- subgroup Liga Regular "D-A" (88888): 14 teams --
  Tu Super Cb La Zubia [Liga Regular "D-A"]: 11 players
  Ecoculture Cb Almería [Liga Regular "D-A"]: 8 players
  Damex Cb Algeciras [Liga Regular "D-A"]: 11 players
    stats error Javier Fernandez Rocha: 500 Server Error: Internal Server Error for url: https://baloncestoenvivo.feb.es/jugador/981338/287138
  Oh!Tels Ulb [Liga Regular "D-A"]: 11 players
  Colegio El Pinar [Liga Regular "D-A"]: 11 players
  Hospital Ochoa Cb Marbella [Liga Regular "D-A"]: 12 players
  Jaen Paraiso Interior Fs [Liga Regular "D-A"]: 12 players
  Molina Olea Cb Costa Motril [Liga Regular "D-A"]: 10 players
  Cb Salliver Fuengirola Higuerón Hotel [Liga Regular "D-A"]: 11 players
  Cb Novaschool Rincón De La Victoria [Liga Regular "D-A"]: 10 players
  Melilla Ciudad Del Deporte Enrique Soler [Liga Regular "D-A"]: 9 players
  Surseeds - B. Murgi [Liga Regular "D-A"]: 11 players
  Byspania Tíjola [Liga Regular "D-A"]: 12 players
  Jaen Paraiso Interior - Ska Logistik C.B. Andújar [Liga Regular "D-A"]: 12 players
-- subgroup Liga Regular "D-B" (88890): 14 teams --
  Hache Publicidad Moraleja [Liga Regular "D-B"]: 10 players
  Eiffage Cb Ciudad De Dos Hermanas [Liga Regular "D-B"]: 11 players
  Sección Deportiva Aljaraque [Liga Regular "D-B"]: 11 players
  Bosco Mérida Patrimonio De La Humanidad [Liga Regular "D-B"]: 11 players
  Lithium Iberia Sagrado [Liga Regular "D-B"]: 11 players
  Vítaly La Mar Bcbadajoz [Liga Regular "D-B"]: 9 players
  Huelva Comercio Viridis [Liga Regular "D-B"]: 12 players
  Dehesas Reunidas Climanavas Agrometal Peñarroya [Liga Regular "D-B"]: 11 players
  Atica Sevilla Cb Coria [Liga Regular "D-B"]: 10 players
  Baublock Gymnástica [Liga Regular "D-B"]: 10 players
  San Antonio Cáceres [Liga Regular "D-B"]: 8 players
  Cba Spain [Liga Regular "D-B"]: 9 players
  Insolac Cb Alcalá Caja87 [Liga Regular "D-B"]: 10 players
  Club Baloncesto San Fernando [Liga Regular "D-B"]: 11 players
-- subgroup Liga Regular "E-A" (88891): 14 teams --
  Socage Jovens L’Eliana [Liga Regular "E-A"]: 12 players
  The Fitzgerald El Pilar [Liga Regular "E-A"]: 12 players
  C.B. Puerto Sagunto [Liga Regular "E-A"]: 11 players
  Topsurface Nb Paterna [Liga Regular "E-A"]: 12 players
  Halal Food Quality Uixó Bàsquet [Liga Regular "E-A"]: 12 players
  Picken Claret [Liga Regular "E-A"]: 11 players
  Cb Tabernes Blanques - Fernando Gil [Liga Regular "E-A"]: 10 players
  Cemalu Aldaia [Liga Regular "E-A"]: 12 players
  Cb Jovens Almàssera [Liga Regular "E-A"]: 11 players
  Cb Morvedre [Liga Regular "E-A"]: 11 players
  Bc Peñíscola [Liga Regular "E-A"]: 11 players
  Amics Castelló B [Liga Regular "E-A"]: 11 players
  Bauhaus Godella [Liga Regular "E-A"]: 11 players
  Fundació Caixa Rural Vila-Real [Liga Regular "E-A"]: 12 players
-- subgroup Liga Regular "E-B" (88892): 13 teams --
  Cmg Hidráulica Nb Torrent [Liga Regular "E-B"]: 14 players
  Velabasket Cb Sueca [Liga Regular "E-B"]: 12 players
  Personalhome Adesavi [Liga Regular "E-B"]: 11 players
  C.A. Montemar [Liga Regular "E-B"]: 12 players
  Servigroup Benidorm [Liga Regular "E-B"]: 12 players
  C.B. Estudiantes Cartagena [Liga Regular "E-B"]: 12 players
  Eset Ontinet [Liga Regular "E-B"]: 12 players
  Rigalli-Alginet [Liga Regular "E-B"]: 10 players
  Cbi Elche [Liga Regular "E-B"]: 10 players
  Lucentum Alicante [Liga Regular "E-B"]: 13 players
  Maristas Valencia [Liga Regular "E-B"]: 12 players
  C.B. Jorge Juan Castelló Since 1907 [Liga Regular "E-B"]: 11 players
  Decprocon Carolinas [Liga Regular "E-B"]: 11 players
Saved tercerafeb_2025_raw.json — 139 teams, 1531 players, 1439 with stats
